// Jest Snapshot v1, https://goo.gl/fbAQLP

exports[`<Footer /> renders with correct styles 1`] = `
.emotion-4 {
  padding-top: 58px;
  padding-bottom: 58px;
  background-color: bgAlt;
  color: white;
}

.emotion-3 {
  display: -webkit-box;
  display: -webkit-flex;
  display: -ms-flexbox;
  display: flex;
  -webkit-align-items: center;
  -webkit-box-align: center;
  -ms-flex-align: center;
  align-items: center;
  -webkit-box-pack: center;
  -webkit-justify-content: center;
  -ms-flex-pack: center;
  justify-content: center;
}

.emotion-0 {
  padding: 0 15px;
  color: inherit;
  -webkit-text-decoration: none;
  text-decoration: none;
  opacity: 1;
  -webkit-transition: opacity 0.2s;
  transition: opacity 0.2s;
  -webkit-transition: color 0.15s ease-in;
  transition: color 0.15s ease-in;
}

.emotion-0:hover {
  -webkit-text-decoration: none;
  text-decoration: none;
  box-shadow: none;
  opacity: 0.7;
  -webkit-transition: opacity 0.2s;
  transition: opacity 0.2s;
}

<footer
  className="emotion-4"
>
  <div
    className="emotion-3"
  >
    <a
      aria-label="Github"
      className="emotion-0"
      href="https://github.com/janczizikow/"
      rel="noopener noreferrer"
      target="_blank"
    >
      <svg
        fill="none"
        height={24}
        stroke="currentColor"
        strokeLinecap="round"
        strokeLinejoin="round"
        strokeWidth="2"
        style={
          Object {
            "color": undefined,
          }
        }
        viewBox="0 0 24 24"
        width={24}
        xmlns="http://www.w3.org/2000/svg"
      >
        <path
          d="M9 19c-5 1.5-5-2.5-7-3m14 6v-3.87a3.37 3.37 0 0 0-.94-2.61c3.14-.35 6.44-1.54 6.44-7A5.44 5.44 0 0 0 20 4.77 5.07 5.07 0 0 0 19.91 1S18.73.65 16 2.48a13.38 13.38 0 0 0-7 0C6.27.65 5.09 1 5.09 1A5.07 5.07 0 0 0 5 4.77a5.44 5.44 0 0 0-1.5 3.78c0 5.42 3.3 6.61 6.44 7A3.37 3.37 0 0 0 9 18.13V22"
        />
      </svg>
    </a>
    <a
      aria-label="Codepen"
      className="emotion-0"
      href="https://codepen.io/hollow3d/"
      rel="noopener noreferrer"
      target="_blank"
    >
      <svg
        fill="none"
        height={24}
        stroke="currentColor"
        strokeLinecap="round"
        strokeLinejoin="round"
        strokeWidth="2"
        style={
          Object {
            "color": undefined,
          }
        }
        viewBox="0 0 24 24"
        width={24}
        xmlns="http://www.w3.org/2000/svg"
      >
        <polygon
          points="12 2 22 8.5 22 15.5 12 22 2 15.5 2 8.5 12 2"
        />
        <line
          x1="12"
          x2="12"
          y1="22"
          y2="15.5"
        />
        <polyline
          points="22 8.5 12 15.5 2 8.5"
        />
        <polyline
          points="2 15.5 12 8.5 22 15.5"
        />
        <line
          x1="12"
          x2="12"
          y1="2"
          y2="8.5"
        />
      </svg>
    </a>
    <a
      aria-label="Linkedin"
      className="emotion-0"
      href="https://www.linkedin.com/in/janczizikow/"
      rel="noopener noreferrer"
      target="_blank"
    >
      <svg
        fill="none"
        height={24}
        stroke="currentColor"
        strokeLinecap="round"
        strokeLinejoin="round"
        strokeWidth="2"
        style={
          Object {
            "color": undefined,
          }
        }
        viewBox="0 0 24 24"
        width={24}
        xmlns="http://www.w3.org/2000/svg"
      >
        <path
          d="M16 8a6 6 0 0 1 6 6v7h-4v-7a2 2 0 0 0-2-2 2 2 0 0 0-2 2v7h-4v-7a6 6 0 0 1 6-6z"
        />
        <rect
          height="12"
          width="4"
          x="2"
          y="9"
        />
        <circle
          cx="4"
          cy="4"
          r="2"
        />
      </svg>
    </a>
  </div>
</footer>
`;
